// Jest Snapshot v1, https://goo.gl/fbAQLP

exports[`<App /> 1`] = `
<div
  className="app"
>
  <div
    className="side-container"
  >
    <nav
      className="main-nav"
    >
      <ul
        className="main-nav__list"
      >
        <li
          className="main-nav__item"
        >
          <span
            className="main-nav__link--active"
          >
            Home
          </span>
        </li>
        <li
          className="main-nav__item"
        >
          <a
            className="main-nav__link"
            href="#/blog"
            onClick={[Function]}
          >
            Blog
          </a>
        </li>
        <li
          className="main-nav__item"
        >
          <a
            className="main-nav__link"
            href="#/postcard"
            onClick={[Function]}
          >
            Postcard
          </a>
        </li>
        <li
          className="main-nav__item"
        >
          <a
            className="main-nav__link"
            href="#/podcasts"
            onClick={[Function]}
          >
            Podcasts
          </a>
        </li>
        <li
          className="main-nav__item"
        >
          <a
            className="main-nav__link"
            href="#/books"
            onClick={[Function]}
          >
            Books
          </a>
        </li>
        <li
          className="main-nav__item"
        >
          <a
            className="main-nav__link"
            href="#/board"
            onClick={[Function]}
          >
            Board
          </a>
        </li>
        <li
          className="main-nav__item"
        >
          <a
            className="main-nav__link"
            href="#/weather"
            onClick={[Function]}
          >
            Weather
          </a>
        </li>
        <li
          className="main-nav__item"
        >
          <a
            className="main-nav__link"
            href="#/posts"
            onClick={[Function]}
          >
            Posts
          </a>
        </li>
        <li
          className="main-nav__item"
        >
          <a
            className="main-nav__link"
            href="#/widgets"
            onClick={[Function]}
          >
            Widgets
          </a>
        </li>
      </ul>
    </nav>
    <div
      className="sidebar"
    >
      <div
        className="sourcesblock"
      >
        <h5
          className="sourcesblock__title"
        >
          Additional info
        </h5>
        <ul
          className="sourcesblock__list"
        >
          <li
            className="sourcesblock__item"
          >
            Photo of the island by Ahmed Sharyaan on Unsplash
          </li>
          <li
            className="sourcesblock__item"
          >
            Image of the compass by Bunzellisa on Pixabay
          </li>
          <li
            className="sourcesblock__item"
          >
            LoadingBar GIF from LoadingBar.io
          </li>
          <li
            className="sourcesblock__item"
          >
            Book covers from Wikipedia
          </li>
        </ul>
      </div>
    </div>
  </div>
  <div
    className="content-container"
  >
    <main
      className="main"
    >
      <h2
        className="main__title"
      >
        React Platform
      </h2>
      <section
        className="info-section"
      >
        <div
          className="info-section__header"
        >
          <h3
            className="info-section__title"
          >
            About the project
          </h3>
          <p
            className="info-section__body"
          >
            My personal idea of a platform for completed ReactJS course tasks.
          </p>
        </div>
        <div
          className="info-articles"
        >
          <article
            className="info-article"
          >
            <h4
              className="info-article__title"
            >
              Blog
            </h4>
            <p
              className="info-article__body"
            >
              Display a list of blog posts from the external JSONPlaceholder API with the ability to view information about each post author.
            </p>
          </article>
          <article
            className="info-article"
          >
            <h4
              className="info-article__title"
            >
              Postcard
            </h4>
            <p
              className="info-article__body"
            >
              Postcard maker with the ability to choose a greeting in different languages ​​and the background color of the greeting.
            </p>
          </article>
          <article
            className="info-article"
          >
            <h4
              className="info-article__title"
            >
              Podcasts
            </h4>
            <p
              className="info-article__body"
            >
              Display a list of podcasts with the ability to view information about each of them.
            </p>
          </article>
          <article
            className="info-article"
          >
            <h4
              className="info-article__title"
            >
              Books
            </h4>
            <p
              className="info-article__body"
            >
              Display a list of books with the ability to view information about each of them. You can search for a book by title, author or year. The list of books has an alternative view mode - the gallery of covers.
            </p>
          </article>
          <article
            className="info-article"
          >
            <h4
              className="info-article__title"
            >
              Board
            </h4>
            <p
              className="info-article__body"
            >
              Display a list of comments, a list of todos and a list of users from the external JSONPlaceholder API.
            </p>
          </article>
          <article
            className="info-article"
          >
            <h4
              className="info-article__title"
            >
              Location
            </h4>
            <p
              className="info-article__body"
            >
              Geolocation. Locate and display a user's location.
            </p>
          </article>
          <article
            className="info-article"
          >
            <h4
              className="info-article__title"
            >
              Weather
            </h4>
            <p
              className="info-article__body"
            >
              5-day weather charts for the city - charts of temperature, pressure and humidity plus average values. You can choose the time of day and type of chart. The search results are displayed as a table. You can remove the city or view it on the map.
            </p>
          </article>
          <article
            className="info-article"
          >
            <h4
              className="info-article__title"
            >
              Posts
            </h4>
            <p
              className="info-article__body"
            >
              Manage the list of posts. Add, read and delete posts. Restful backend service - Redux Blog Post API.
            </p>
          </article>
          <article
            className="info-article"
          >
            <h4
              className="info-article__title"
            >
              Widgets
            </h4>
            <p
              className="info-article__body"
            >
              Four widgets: accordion, wikipedia search, dropdown menu (with search), word translation into other languages.
            </p>
          </article>
        </div>
      </section>
    </main>
    <footer
      className="footer"
    >
      <span
        className="footer__sign"
      >
        ©
      </span>
       
      <span
        className="footer__year"
      >
        2020 - 2021
      </span>
       
      <span
        className="footer__author"
      >
        <a
          className="footer__link"
          href="https://github.com/ermondel"
          rel="noreferrer"
          target="_blank"
          title="All rights reserved | created by Serhii (ermondel)"
        >
          Serhii
        </a>
      </span>
    </footer>
  </div>
</div>
`;
